%!Adobe-FontList 1.14
%Locale:0x409

%BeginFont
Handler:DirectoryHandler
FontType:Type1
FontName:BundesbahnPi-One
FamilyName:Bundesbahn Pi
StyleName:1
MenuName:BundesbahnPi 1
StyleBits:0
WeightClass:400
WidthClass:5
AngleClass:0
FullName:Bundesbahn Pi 1
WritingScript:Roman
OutlineFileName:\BundePiOne
DataFormat:POSTResource
UsesStandardEncoding:no
isCFF:no
FileLength:15572
FileModTime:1075903630
DesignSize:-1
%EndFont

%BeginFont
Handler:DirectoryHandler
FontType:Suitcase
FontName:BundesbahnPi-One
OutlineFileName:\Bundesbahn Pi.t1
ResourceID:8805
MacStyle:0
FileLength:3965
FileModTime:1075903632
%EndFont

%BeginFont
Handler:DirectoryHandler
FontType:TrueType
FontName:CourierNewPS-BoldMT
FamilyName:Courier New
StyleName:Bold
MenuName:Courier New
StyleBits:2
WeightClass:700
WidthClass:5
AngleClass:0
FullName:Courier New Bold
WritingScript:Roman
OutlineFileName:\Courier New Bold.ttf
DataFormat:sfntData
FileLength:691796
FileModTime:1328722682
%EndFont

%BeginFont
Handler:DirectoryHandler
FontType:TrueType
FontName:CourierNewPSMT
FamilyName:Courier New
StyleName:Regular
MenuName:Courier New
StyleBits:0
WeightClass:400
WidthClass:5
AngleClass:0
FullName:Courier New
WritingScript:Roman
OutlineFileName:\Courier New.ttf
DataFormat:sfntData
FileLength:684624
FileModTime:1328722682
%EndFont

%BeginFont
Handler:DirectoryHandler
FontType:TrueType
FontName:Courier
FamilyName:Courier
StyleName:Regular
MenuName:Courier
StyleBits:0
WeightClass:400
WidthClass:5
AngleClass:0
FullName:Courier
WritingScript:Roman
OutlineFileName:\Courier.dfont
DataFormat:sfntResource
ResourceID:24011
FileLength:1342469
FileModTime:1328722684
%EndFont

%BeginFont
Handler:DirectoryHandler
FontType:TrueType
FontName:Courier-Bold
FamilyName:Courier
StyleName:Bold
MenuName:Courier
StyleBits:2
WeightClass:700
WidthClass:5
AngleClass:0
FullName:Courier Bold
WritingScript:Roman
OutlineFileName:\Courier.dfont
DataFormat:sfntResource
ResourceID:27224
FileLength:1342469
FileModTime:1328722684
%EndFont

%BeginFont
Handler:DirectoryHandler
FontType:TrueType
FontName:Courier-Oblique
FamilyName:Courier
StyleName:Oblique
MenuName:Courier
StyleBits:1
WeightClass:400
WidthClass:5
AngleClass:1
FullName:Courier Oblique
WritingScript:Roman
OutlineFileName:\Courier.dfont
DataFormat:sfntResource
ResourceID:12456
FileLength:1342469
FileModTime:1328722684
%EndFont

%BeginFont
Handler:DirectoryHandler
FontType:TrueType
FontName:Courier-BoldOblique
FamilyName:Courier
StyleName:Bold Oblique
MenuName:Courier
StyleBits:3
WeightClass:700
WidthClass:5
AngleClass:1
FullName:Courier Bold Oblique
WritingScript:Roman
OutlineFileName:\Courier.dfont
DataFormat:sfntResource
ResourceID:28062
FileLength:1342469
FileModTime:1328722684
%EndFont

%BeginFont
Handler:DirectoryHandler
FontType:Suitcase
FontName:Courier
OutlineFileName:\Courier.dfont
ResourceID:22
MacStyle:0
FileLength:1342469
FileModTime:1328722684
%EndFont

%BeginFont
Handler:DirectoryHandler
FontType:Suitcase
FontName:Courier-Bold
OutlineFileName:\Courier.dfont
ResourceID:22
MacStyle:1
FileLength:1342469
FileModTime:1328722684
%EndFont

%BeginFont
Handler:DirectoryHandler
FontType:Suitcase
FontName:Courier-Oblique
OutlineFileName:\Courier.dfont
ResourceID:22
MacStyle:2
FileLength:1342469
FileModTime:1328722684
%EndFont

%BeginFont
Handler:DirectoryHandler
FontType:Suitcase
FontName:Courier-BoldOblique
OutlineFileName:\Courier.dfont
ResourceID:22
MacStyle:3
FileLength:1342469
FileModTime:1328722684
%EndFont

%BeginFont
Handler:DirectoryHandler
FontType:Type1
FontName:MuseoSans-500
FamilyName:Museo Sans
StyleName:500
MenuName:Museo Sans 500
StyleBits:0
WeightClass:400
WidthClass:5
AngleClass:0
FullName:Museo Sans 500
WritingScript:Roman
OutlineFileName:\MuseoSans_500.otf
DataFormat:sfntData
UsesStandardEncoding:yes
isCFF:yes
FileLength:62504
FileModTime:1221196179
%EndFont

%BeginFont
Handler:DirectoryHandler
FontType:Suitcase
FontName:Myriad-Roman
OutlineFileName:\Myriad
ResourceID:4019
MacStyle:0
FileLength:59521
FileModTime:1133521838
%EndFont

%BeginFont
Handler:DirectoryHandler
FontType:Suitcase
FontName:Myriad-Bold
OutlineFileName:\Myriad
ResourceID:4019
MacStyle:1
FileLength:59521
FileModTime:1133521838
%EndFont

%BeginFont
Handler:DirectoryHandler
FontType:Suitcase
FontName:Myriad-Italic
OutlineFileName:\Myriad
ResourceID:4019
MacStyle:2
FileLength:59521
FileModTime:1133521838
%EndFont

%BeginFont
Handler:DirectoryHandler
FontType:Suitcase
FontName:Myriad-BoldItalic
OutlineFileName:\Myriad
ResourceID:4019
MacStyle:3
FileLength:59521
FileModTime:1133521838
%EndFont

%BeginFont
Handler:DirectoryHandler
FontType:Suitcase
FontName:Myriad-Bold
OutlineFileName:\Myriad
ResourceID:4020
MacStyle:0
FileLength:59521
FileModTime:1133521838
%EndFont

%BeginFont
Handler:DirectoryHandler
FontType:Suitcase
FontName:Myriad-BoldItalic
OutlineFileName:\Myriad
ResourceID:4020
MacStyle:2
FileLength:59521
FileModTime:1133521838
%EndFont

%BeginFont
Handler:DirectoryHandler
FontType:Suitcase
FontName:Myriad-Italic
OutlineFileName:\Myriad
ResourceID:4021
MacStyle:0
FileLength:59521
FileModTime:1133521838
%EndFont

%BeginFont
Handler:DirectoryHandler
FontType:Suitcase
FontName:Myriad-BoldItalic
OutlineFileName:\Myriad
ResourceID:4021
MacStyle:1
FileLength:59521
FileModTime:1133521838
%EndFont

%BeginFont
Handler:DirectoryHandler
FontType:Suitcase
FontName:Myriad-BoldItalic
OutlineFileName:\Myriad
ResourceID:4022
MacStyle:0
FileLength:59521
FileModTime:1133521838
%EndFont

%BeginFont
Handler:DirectoryHandler
FontType:Type1
FontName:MyriadPro-Bold
FamilyName:Myriad Pro
StyleName:Bold
MenuName:Myriad Pro
StyleBits:2
WeightClass:700
WidthClass:5
AngleClass:0
FullName:Myriad Pro Bold
WritingScript:Roman
OutlineFileName:\MyriadPro-Bold.otf
DataFormat:sfntData
UsesStandardEncoding:yes
isCFF:yes
FileLength:95684
FileModTime:1269680696
DesignSize:110
%EndFont

%BeginFont
Handler:DirectoryHandler
FontType:Type1
FontName:MyriadPro-BoldCond
FamilyName:Myriad Pro
StyleName:Bold Condensed
MenuName:Myriad Pro Cond
StyleBits:2
WeightClass:700
WidthClass:3
AngleClass:0
FullName:Myriad Pro Bold Condensed
WritingScript:Roman
OutlineFileName:\MyriadPro-BoldCond.otf
DataFormat:sfntData
UsesStandardEncoding:yes
isCFF:yes
FileLength:94628
FileModTime:1269680696
DesignSize:110
%EndFont

%BeginFont
Handler:DirectoryHandler
FontType:Type1
FontName:MyriadPro-Regular
FamilyName:Myriad Pro
StyleName:Regular
MenuName:Myriad Pro
StyleBits:0
WeightClass:400
WidthClass:5
AngleClass:0
FullName:Myriad Pro
WritingScript:Roman
OutlineFileName:\MyriadPro-Regular.otf
DataFormat:sfntData
UsesStandardEncoding:yes
isCFF:yes
FileLength:94360
FileModTime:1269680696
DesignSize:110
%EndFont

%BeginFont
Handler:DirectoryHandler
FontType:Type1
FontName:Myriad-Roman
FamilyName:Myriad
StyleName:Roman
MenuName:Myriad Roman
StyleBits:0
WeightClass:400
WidthClass:5
AngleClass:0
FullName:Myriad Roman
WritingScript:Roman
OutlineFileName:\MyriaRom
DataFormat:POSTResource
UsesStandardEncoding:yes
isCFF:no
FileLength:31315
FileModTime:1133521840
DesignSize:-1
%EndFont

%BeginFont
Handler:DirectoryHandler
FontType:Type1
FontName:TektonMM
FamilyName:Tekton MM
StyleName:Regular
MenuName:TektoMM
StyleBits:0
WeightClass:400
WidthClass:5
AngleClass:0
FullName:Tekton MM
WritingScript:Roman
OutlineFileName:\TektoMM
DataFormat:POSTResource
MMAxisName:Weight
MMAxisName:Width
UsesStandardEncoding:yes
isCFF:no
FileLength:111513
FileModTime:899833802
DesignSize:-1
%EndFont

%BeginFont
Handler:DirectoryHandler
FontType:Suitcase
FontName:TektonMM_100_LT_250_CN
OutlineFileName:\Tekton MM
ResourceID:6415
MacStyle:0
FileLength:239330
FileModTime:899833802
%EndFont

%BeginFont
Handler:DirectoryHandler
FontType:Suitcase
FontName:TektonMM_363_wt_250_wd
OutlineFileName:\Tekton MM
ResourceID:6415
MacStyle:1
FileLength:239330
FileModTime:899833802
%EndFont

%BeginFont
Handler:DirectoryHandler
FontType:Suitcase
FontName:TektonMM-Oblique_100_LT_250_CN
OutlineFileName:\Tekton MM
ResourceID:6415
MacStyle:2
FileLength:239330
FileModTime:899833802
%EndFont

%BeginFont
Handler:DirectoryHandler
FontType:Suitcase
FontName:TektonMM-Oblique_363_wt_250_wd
OutlineFileName:\Tekton MM
ResourceID:6415
MacStyle:3
FileLength:239330
FileModTime:899833802
%EndFont

%BeginFont
Handler:DirectoryHandler
FontType:Suitcase
FontName:TektonMM_100_LT_564_NO
OutlineFileName:\Tekton MM
ResourceID:6418
MacStyle:0
FileLength:239330
FileModTime:899833802
%EndFont

%BeginFont
Handler:DirectoryHandler
FontType:Suitcase
FontName:TektonMM_363_wt_564_wd
OutlineFileName:\Tekton MM
ResourceID:6418
MacStyle:1
FileLength:239330
FileModTime:899833802
%EndFont

%BeginFont
Handler:DirectoryHandler
FontType:Suitcase
FontName:TektonMM-Oblique_100_LT_564_NO
OutlineFileName:\Tekton MM
ResourceID:6418
MacStyle:2
FileLength:239330
FileModTime:899833802
%EndFont

%BeginFont
Handler:DirectoryHandler
FontType:Suitcase
FontName:TektonMM-Oblique_363_wt_564_wd
OutlineFileName:\Tekton MM
ResourceID:6418
MacStyle:3
FileLength:239330
FileModTime:899833802
%EndFont

%BeginFont
Handler:DirectoryHandler
FontType:Suitcase
FontName:TektonMM_100_LT_850_EX
OutlineFileName:\Tekton MM
ResourceID:6421
MacStyle:0
FileLength:239330
FileModTime:899833802
%EndFont

%BeginFont
Handler:DirectoryHandler
FontType:Suitcase
FontName:TektonMM_363_wt_850_wd
OutlineFileName:\Tekton MM
ResourceID:6421
MacStyle:1
FileLength:239330
FileModTime:899833802
%EndFont

%BeginFont
Handler:DirectoryHandler
FontType:Suitcase
FontName:TektonMM-Oblique_100_LT_850_EX
OutlineFileName:\Tekton MM
ResourceID:6421
MacStyle:2
FileLength:239330
FileModTime:899833802
%EndFont

%BeginFont
Handler:DirectoryHandler
FontType:Suitcase
FontName:TektonMM-Oblique_363_wt_850_wd
OutlineFileName:\Tekton MM
ResourceID:6421
MacStyle:3
FileLength:239330
FileModTime:899833802
%EndFont

%BeginFont
Handler:DirectoryHandler
FontType:Suitcase
FontName:TektonMM_240_RG_250_CN
OutlineFileName:\Tekton MM
ResourceID:6416
MacStyle:0
FileLength:239330
FileModTime:899833802
%EndFont

%BeginFont
Handler:DirectoryHandler
FontType:Suitcase
FontName:TektonMM_503_BD_250_CN
OutlineFileName:\Tekton MM
ResourceID:6416
MacStyle:1
FileLength:239330
FileModTime:899833802
%EndFont

%BeginFont
Handler:DirectoryHandler
FontType:Suitcase
FontName:TektonMM-Oblique_240_RG_250_CN
OutlineFileName:\Tekton MM
ResourceID:6416
MacStyle:2
FileLength:239330
FileModTime:899833802
%EndFont

%BeginFont
Handler:DirectoryHandler
FontType:Suitcase
FontName:TektonMM-Oblique_503_BD_250_CN
OutlineFileName:\Tekton MM
ResourceID:6416
MacStyle:3
FileLength:239330
FileModTime:899833802
%EndFont

%BeginFont
Handler:DirectoryHandler
FontType:Suitcase
FontName:TektonMM
OutlineFileName:\Tekton MM
ResourceID:6419
MacStyle:0
FileLength:239330
FileModTime:899833802
%EndFont

%BeginFont
Handler:DirectoryHandler
FontType:Suitcase
FontName:TektonMM_503_wt_564_wd
OutlineFileName:\Tekton MM
ResourceID:6419
MacStyle:1
FileLength:239330
FileModTime:899833802
%EndFont

%BeginFont
Handler:DirectoryHandler
FontType:Suitcase
FontName:TektonMM-Oblique
OutlineFileName:\Tekton MM
ResourceID:6419
MacStyle:2
FileLength:239330
FileModTime:899833802
%EndFont

%BeginFont
Handler:DirectoryHandler
FontType:Suitcase
FontName:TektonMM-Oblique_503_wt_564_wd
OutlineFileName:\Tekton MM
ResourceID:6419
MacStyle:3
FileLength:239330
FileModTime:899833802
%EndFont

%BeginFont
Handler:DirectoryHandler
FontType:Suitcase
FontName:TektonMM_240_RG_850_EX
OutlineFileName:\Tekton MM
ResourceID:6422
MacStyle:0
FileLength:239330
FileModTime:899833802
%EndFont

%BeginFont
Handler:DirectoryHandler
FontType:Suitcase
FontName:TektonMM_503_BD_850_EX
OutlineFileName:\Tekton MM
ResourceID:6422
MacStyle:1
FileLength:239330
FileModTime:899833802
%EndFont

%BeginFont
Handler:DirectoryHandler
FontType:Suitcase
FontName:TektonMM-Oblique_240_RG_850_EX
OutlineFileName:\Tekton MM
ResourceID:6422
MacStyle:2
FileLength:239330
FileModTime:899833802
%EndFont

%BeginFont
Handler:DirectoryHandler
FontType:Suitcase
FontName:TektonMM-Oblique_503_BD_850_EX
OutlineFileName:\Tekton MM
ResourceID:6422
MacStyle:3
FileLength:239330
FileModTime:899833802
%EndFont

%BeginFont
Handler:DirectoryHandler
FontType:Suitcase
FontName:TektonMM_503_BD_250_CN
OutlineFileName:\Tekton MM
ResourceID:6417
MacStyle:0
FileLength:239330
FileModTime:899833802
%EndFont

%BeginFont
Handler:DirectoryHandler
FontType:Suitcase
FontName:TektonMM_620_wt_250_wd
OutlineFileName:\Tekton MM
ResourceID:6417
MacStyle:1
FileLength:239330
FileModTime:899833802
%EndFont

%BeginFont
Handler:DirectoryHandler
FontType:Suitcase
FontName:TektonMM-Oblique_503_BD_250_CN
OutlineFileName:\Tekton MM
ResourceID:6417
MacStyle:2
FileLength:239330
FileModTime:899833802
%EndFont

%BeginFont
Handler:DirectoryHandler
FontType:Suitcase
FontName:TektonMM-Oblique_620_wt_250_wd
OutlineFileName:\Tekton MM
ResourceID:6417
MacStyle:3
FileLength:239330
FileModTime:899833802
%EndFont

%BeginFont
Handler:DirectoryHandler
FontType:Suitcase
FontName:TektonMM_503_BD_488_NO
OutlineFileName:\Tekton MM
ResourceID:6420
MacStyle:0
FileLength:239330
FileModTime:899833802
%EndFont

%BeginFont
Handler:DirectoryHandler
FontType:Suitcase
FontName:TektonMM_620_wt_488_wd
OutlineFileName:\Tekton MM
ResourceID:6420
MacStyle:1
FileLength:239330
FileModTime:899833802
%EndFont

%BeginFont
Handler:DirectoryHandler
FontType:Suitcase
FontName:TektonMM-Oblique_503_BD_488_NO
OutlineFileName:\Tekton MM
ResourceID:6420
MacStyle:2
FileLength:239330
FileModTime:899833802
%EndFont

%BeginFont
Handler:DirectoryHandler
FontType:Suitcase
FontName:TektonMM-Oblique_620_wt_488_wd
OutlineFileName:\Tekton MM
ResourceID:6420
MacStyle:3
FileLength:239330
FileModTime:899833802
%EndFont

%BeginFont
Handler:DirectoryHandler
FontType:Suitcase
FontName:TektonMM_503_BD_850_EX
OutlineFileName:\Tekton MM
ResourceID:6578
MacStyle:0
FileLength:239330
FileModTime:899833802
%EndFont

%BeginFont
Handler:DirectoryHandler
FontType:Suitcase
FontName:TektonMM_620_wt_850_wd
OutlineFileName:\Tekton MM
ResourceID:6578
MacStyle:1
FileLength:239330
FileModTime:899833802
%EndFont

%BeginFont
Handler:DirectoryHandler
FontType:Suitcase
FontName:TektonMM-Oblique_503_BD_850_EX
OutlineFileName:\Tekton MM
ResourceID:6578
MacStyle:2
FileLength:239330
FileModTime:899833802
%EndFont

%BeginFont
Handler:DirectoryHandler
FontType:Suitcase
FontName:TektonMM-Oblique_620_wt_850_wd
OutlineFileName:\Tekton MM
ResourceID:6578
MacStyle:3
FileLength:239330
FileModTime:899833802
%EndFont

%BeginFont
Handler:DirectoryHandler
FontType:Suitcase
FontName:TektonMM-Oblique_100_LT_250_CN
OutlineFileName:\Tekton MM
ResourceID:6583
MacStyle:0
FileLength:239330
FileModTime:899833802
%EndFont

%BeginFont
Handler:DirectoryHandler
FontType:Suitcase
FontName:TektonMM-Oblique_363_wt_250_wd
OutlineFileName:\Tekton MM
ResourceID:6583
MacStyle:1
FileLength:239330
FileModTime:899833802
%EndFont

%BeginFont
Handler:DirectoryHandler
FontType:Suitcase
FontName:TektonMM-Oblique_100_LT_564_NO
OutlineFileName:\Tekton MM
ResourceID:6586
MacStyle:0
FileLength:239330
FileModTime:899833802
%EndFont

%BeginFont
Handler:DirectoryHandler
FontType:Suitcase
FontName:TektonMM-Oblique_363_wt_564_wd
OutlineFileName:\Tekton MM
ResourceID:6586
MacStyle:1
FileLength:239330
FileModTime:899833802
%EndFont

%BeginFont
Handler:DirectoryHandler
FontType:Suitcase
FontName:TektonMM-Oblique_100_LT_850_EX
OutlineFileName:\Tekton MM
ResourceID:6589
MacStyle:0
FileLength:239330
FileModTime:899833802
%EndFont

%BeginFont
Handler:DirectoryHandler
FontType:Suitcase
FontName:TektonMM-Oblique_363_wt_850_wd
OutlineFileName:\Tekton MM
ResourceID:6589
MacStyle:1
FileLength:239330
FileModTime:899833802
%EndFont

%BeginFont
Handler:DirectoryHandler
FontType:Suitcase
FontName:TektonMM-Oblique_240_RG_250_CN
OutlineFileName:\Tekton MM
ResourceID:6584
MacStyle:0
FileLength:239330
FileModTime:899833802
%EndFont

%BeginFont
Handler:DirectoryHandler
FontType:Suitcase
FontName:TektonMM-Oblique_503_BD_250_CN
OutlineFileName:\Tekton MM
ResourceID:6584
MacStyle:1
FileLength:239330
FileModTime:899833802
%EndFont

%BeginFont
Handler:DirectoryHandler
FontType:Suitcase
FontName:TektonMM-Oblique
OutlineFileName:\Tekton MM
ResourceID:6587
MacStyle:0
FileLength:239330
FileModTime:899833802
%EndFont

%BeginFont
Handler:DirectoryHandler
FontType:Suitcase
FontName:TektonMM-Oblique_503_wt_564_wd
OutlineFileName:\Tekton MM
ResourceID:6587
MacStyle:1
FileLength:239330
FileModTime:899833802
%EndFont

%BeginFont
Handler:DirectoryHandler
FontType:Suitcase
FontName:TektonMM-Oblique_240_RG_850_EX
OutlineFileName:\Tekton MM
ResourceID:6590
MacStyle:0
FileLength:239330
FileModTime:899833802
%EndFont

%BeginFont
Handler:DirectoryHandler
FontType:Suitcase
FontName:TektonMM-Oblique_503_BD_850_EX
OutlineFileName:\Tekton MM
ResourceID:6590
MacStyle:1
FileLength:239330
FileModTime:899833802
%EndFont

%BeginFont
Handler:DirectoryHandler
FontType:Suitcase
FontName:TektonMM-Oblique_503_BD_250_CN
OutlineFileName:\Tekton MM
ResourceID:6585
MacStyle:0
FileLength:239330
FileModTime:899833802
%EndFont

%BeginFont
Handler:DirectoryHandler
FontType:Suitcase
FontName:TektonMM-Oblique_620_wt_250_wd
OutlineFileName:\Tekton MM
ResourceID:6585
MacStyle:1
FileLength:239330
FileModTime:899833802
%EndFont

%BeginFont
Handler:DirectoryHandler
FontType:Suitcase
FontName:TektonMM-Oblique_503_BD_488_NO
OutlineFileName:\Tekton MM
ResourceID:6588
MacStyle:0
FileLength:239330
FileModTime:899833802
%EndFont

%BeginFont
Handler:DirectoryHandler
FontType:Suitcase
FontName:TektonMM-Oblique_620_wt_488_wd
OutlineFileName:\Tekton MM
ResourceID:6588
MacStyle:1
FileLength:239330
FileModTime:899833802
%EndFont

%BeginFont
Handler:DirectoryHandler
FontType:Suitcase
FontName:TektonMM-Oblique_503_BD_850_EX
OutlineFileName:\Tekton MM
ResourceID:6591
MacStyle:0
FileLength:239330
FileModTime:899833802
%EndFont

%BeginFont
Handler:DirectoryHandler
FontType:Suitcase
FontName:TektonMM-Oblique_620_wt_850_wd
OutlineFileName:\Tekton MM
ResourceID:6591
MacStyle:1
FileLength:239330
FileModTime:899833802
%EndFont

%BeginFont
Handler:DirectoryHandler
FontType:Type1
FontName:TektonPro-Bold
FamilyName:Tekton Pro
StyleName:Bold
MenuName:Tekton Pro
StyleBits:2
WeightClass:700
WidthClass:5
AngleClass:0
FullName:Tekton Pro Bold
WritingScript:Roman
OutlineFileName:\TektonPro-Bold.otf
DataFormat:sfntData
UsesStandardEncoding:yes
isCFF:yes
FileLength:98272
FileModTime:1188234525
DesignSize:160
%EndFont

%BeginFont
Handler:DirectoryHandler
FontType:Type1
FontName:TektonPro-BoldCond
FamilyName:Tekton Pro
StyleName:Bold Condensed
MenuName:Tekton Pro Cond
StyleBits:2
WeightClass:700
WidthClass:3
AngleClass:0
FullName:Tekton Pro Bold Condensed
WritingScript:Roman
OutlineFileName:\TektonPro-BoldCond.otf
DataFormat:sfntData
UsesStandardEncoding:yes
isCFF:yes
FileLength:97260
FileModTime:1188234525
DesignSize:160
%EndFont

%BeginFont
Handler:DirectoryHandler
FontType:Type1
FontName:TektonPro-BoldObl
FamilyName:Tekton Pro
StyleName:Bold Oblique
MenuName:Tekton Pro
StyleBits:3
WeightClass:700
WidthClass:5
AngleClass:1
FullName:Tekton Pro Bold Oblique
WritingScript:Roman
OutlineFileName:\TektonPro-BoldObl.otf
DataFormat:sfntData
UsesStandardEncoding:yes
isCFF:yes
FileLength:111532
FileModTime:1188234525
DesignSize:160
%EndFont

%BeginFont
Handler:DirectoryHandler
FontType:Type1
FontName:TektonPro-Obl
FamilyName:Tekton Pro
StyleName:Oblique
MenuName:Tekton Pro
StyleBits:1
WeightClass:400
WidthClass:5
AngleClass:1
FullName:Tekton Pro Oblique
WritingScript:Roman
OutlineFileName:\TektonPro-Obl.otf
DataFormat:sfntData
UsesStandardEncoding:yes
isCFF:yes
FileLength:111448
FileModTime:1188234526
DesignSize:160
%EndFont

%BeginFont
Handler:DirectoryHandler
FontType:Type1
FontName:TektonPro-Regular
FamilyName:Tekton Pro
StyleName:Regular
MenuName:Tekton Pro
StyleBits:0
WeightClass:400
WidthClass:5
AngleClass:0
FullName:Tekton Pro
WritingScript:Roman
OutlineFileName:\TektonPro-Regular.otf
DataFormat:sfntData
UsesStandardEncoding:yes
isCFF:yes
FileLength:98976
FileModTime:1188234526
DesignSize:160
%EndFont

%BeginFont
Handler:DirectoryHandler
FontType:TrueType
FontName:TimesNewRomanPSMT
FamilyName:Times New Roman
StyleName:Regular
MenuName:Times New Roman
StyleBits:0
WeightClass:400
WidthClass:5
AngleClass:0
FullName:Times New Roman
WritingScript:Roman
OutlineFileName:\Times New Roman.ttf
DataFormat:sfntData
FileLength:834452
FileModTime:1328722683
%EndFont

